// Jest Snapshot v1, https://goo.gl/fbAQLP

exports[`renders correctly 1`] = `
<View
  onLayout={[Function]}
  style={
    Array [
      Object {
        "backgroundColor": "transparent",
        "flex": 1,
      },
      undefined,
    ]
  }
>
  <View
    style={
      Object {
        "flex": 1,
      }
    }
  >
    <View
      onMoveShouldSetResponder={[Function]}
      onMoveShouldSetResponderCapture={[Function]}
      onResponderEnd={[Function]}
      onResponderGrant={[Function]}
      onResponderMove={[Function]}
      onResponderReject={[Function]}
      onResponderRelease={[Function]}
      onResponderStart={[Function]}
      onResponderTerminate={[Function]}
      onResponderTerminationRequest={[Function]}
      onStartShouldSetResponder={[Function]}
      onStartShouldSetResponderCapture={[Function]}
      pointerEvents="auto"
      style={
        Object {
          "backgroundColor": "white",
          "bottom": 0,
          "left": 0,
          "opacity": 1,
          "position": "absolute",
          "right": 0,
          "top": 0,
          "transform": Array [
            Object {
              "translateX": 0,
            },
            Object {
              "translateY": 0,
            },
          ],
        }
      }
    >
      <View
        style={
          Array [
            Object {
              "flex": 1,
            },
            undefined,
          ]
        }
      >
        <View
          style={
            Object {
              "alignItems": "center",
              "backgroundColor": "rgb(0, 122, 201)",
              "flex": 1,
              "justifyContent": "center",
            }
          }
        >
          <View
            style={
              Object {
                "flex": 1,
              }
            }
          >
            <RCTWebView
              allowsInlineMediaPlayback={undefined}
              automaticallyAdjustContentInsets={undefined}
              bounces={undefined}
              contentInset={undefined}
              dataDetectorTypes={undefined}
              decelerationRate={undefined}
              injectedJavaScript={undefined}
              mediaPlaybackRequiresUserAction={undefined}
              messagingEnabled={false}
              onLoadingError={[Function]}
              onLoadingFinish={[Function]}
              onLoadingStart={[Function]}
              onMessage={[Function]}
              onShouldStartLoadWithRequest={undefined}
              scalesPageToFit={true}
              scrollEnabled={undefined}
              source={
                Object {
                  "uri": "https://www.reittiopas.fi/",
                }
              }
              style={
                Array [
                  Object {
                    "flex": 1,
                  },
                  Object {
                    "backgroundColor": "#ffffff",
                  },
                  Object {
                    "marginTop": 20,
                    "width": "100%",
                  },
                ]
              }
            />
          </View>
          <View
            style={
              Object {
                "backgroundColor": "rgb(255, 255, 255)",
                "width": "100%",
              }
            }
          >
            <Text
              accessible={true}
              allowFontScaling={true}
              ellipsizeMode="tail"
              onPress={[Function]}
              style={
                Object {
                  "color": "rgb(17, 17, 17)",
                  "textAlign": "center",
                }
              }
            >
              Main
            </Text>
            <Text
              accessible={true}
              allowFontScaling={true}
              ellipsizeMode="tail"
              onPress={[Function]}
              style={
                Object {
                  "color": "rgb(17, 17, 17)",
                  "textAlign": "center",
                }
              }
            >
              Test
            </Text>
          </View>
        </View>
      </View>
    </View>
  </View>
  <View
    style={
      Object {
        "backgroundColor": "#EFEFF2",
        "borderBottomColor": "#828287",
        "borderBottomWidth": 0.5,
        "height": 64,
        "left": 0,
        "paddingTop": 0,
        "position": "absolute",
        "right": 0,
        "top": 0,
      }
    }
  >
    <View>
      <View
        style={
          Object {
            "left": 0,
            "marginTop": 10,
            "position": "absolute",
            "right": 0,
            "top": 20,
          }
        }
      >
        <Text
          accessible={true}
          allowFontScaling={true}
          ellipsizeMode="tail"
          lineBreakMode="tail"
          numberOfLines={1}
          style={
            Object {
              "alignSelf": "center",
              "color": "#0A0A0A",
              "fontSize": 18,
              "left": 0,
              "opacity": 1,
              "right": 0,
              "textAlign": "center",
              "width": 180,
            }
          }
        >
          Main
        </Text>
      </View>
    </View>
  </View>
</View>
`;
