// Jest Snapshot v1, https://goo.gl/fbAQLP

exports[`renders correctly 1`] = `
<View
  style={
    Array [
      Object {
        "backgroundColor": "rgb(0, 122, 201)",
        "borderBottomWidth": 1,
        "borderColor": "rgb(0, 122, 201)",
        "flex": 1,
        "justifyContent": "center",
        "marginBottom": 50,
      },
      Object {
        "height": 1254,
      },
    ]
  }
>
  <ActivityIndicator
    animating={true}
    color="#999999"
    hidesWhenStopped={true}
    size="large"
    style={
      Array [
        Object {
          "alignItems": "center",
          "justifyContent": "center",
          "padding": 8,
        },
        Object {
          "height": 80,
          "left": 335,
          "position": "absolute",
          "width": 80,
          "zIndex": 2,
        },
        null,
      ]
    }
  />
  <View
    style={
      Object {
        "flex": 1,
      }
    }
  >
    <RCTWebView
      allowsInlineMediaPlayback={undefined}
      automaticallyAdjustContentInsets={undefined}
      bounces={undefined}
      contentInset={undefined}
      dataDetectorTypes={undefined}
      decelerationRate={undefined}
      injectedJavaScript="
                // setTimeout(function() {
                //     var e = document.createElement('h1');
                //     e.innerText = navigator.userAgent;
                //     document.getElementsByTagName('body')[0].append(e);
                // }, 1000);
            "
      mediaPlaybackRequiresUserAction={undefined}
      messagingEnabled={false}
      onLoadingError={[Function]}
      onLoadingFinish={[Function]}
      onLoadingStart={[Function]}
      onMessage={[Function]}
      onShouldStartLoadWithRequest={undefined}
      scalesPageToFit={undefined}
      scrollEnabled={true}
      source={
        Object {
          "uri": "https://www.hsl.fi/citybike",
        }
      }
      style={
        Array [
          Object {
            "flex": 1,
          },
          Object {
            "backgroundColor": "#ffffff",
          },
          Array [
            Object {
              "marginTop": 63,
            },
            Object {
              "marginTop": 63,
            },
          ],
        ]
      }
    />
  </View>
</View>
`;
