// Jest Snapshot v1, https://goo.gl/fbAQLP

exports[`renders correctly 1`] = `
<View
  style={
    Object {
      "alignItems": "center",
      "flex": 1,
      "justifyContent": "center",
      "padding": 15,
    }
  }
>
  <Text
    accessible={true}
    allowFontScaling={true}
    ellipsizeMode="tail"
    style={
      Array [
        Object {
          "color": "black",
          "textAlign": "center",
        },
        Object {
          "fontSize": 30,
        },
      ]
    }
  >
    Osta matkalippu suoraan puhelimeesi
  </Text>
  <Text
    accessible={true}
    allowFontScaling={true}
    ellipsizeMode="tail"
    style={
      Object {
        "color": "black",
        "textAlign": "center",
      }
    }
  >
    Liput kelpaavat kaikkiin HSL:n kulkuvälineisiin
  </Text>
  <Text
    accessible={true}
    allowFontScaling={true}
    ellipsizeMode="tail"
    style={
      Object {
        "color": "black",
        "textAlign": "center",
      }
    }
  >
    Tunnistautumalla saat lippuja yhtä edulliseen hintaan kuin matkakortilla ostettaessa
  </Text>
  <View
    accessibilityComponentType={undefined}
    accessibilityLabel={undefined}
    accessibilityTraits={undefined}
    accessible={true}
    hitSlop={undefined}
    isTVSelectable={true}
    onLayout={undefined}
    onResponderGrant={[Function]}
    onResponderMove={[Function]}
    onResponderRelease={[Function]}
    onResponderTerminate={[Function]}
    onResponderTerminationRequest={[Function]}
    onStartShouldSetResponder={[Function]}
    style={
      Object {
        "backgroundColor": "rgb(0, 122, 201)",
        "borderColor": "rgb(239, 242, 244)",
        "borderRadius": 10,
        "borderWidth": 1,
        "marginTop": 10,
        "opacity": 1,
        "padding": 10,
        "width": "90%",
      }
    }
    testID={undefined}
    tvParallaxProperties={undefined}
  >
    <Text
      accessible={true}
      allowFontScaling={true}
      ellipsizeMode="tail"
      style={
        Object {
          "color": "white",
          "textAlign": "center",
        }
      }
    >
      Kertalippu
    </Text>
  </View>
  <View
    accessibilityComponentType={undefined}
    accessibilityLabel={undefined}
    accessibilityTraits={undefined}
    accessible={true}
    hitSlop={undefined}
    isTVSelectable={true}
    onLayout={undefined}
    onResponderGrant={[Function]}
    onResponderMove={[Function]}
    onResponderRelease={[Function]}
    onResponderTerminate={[Function]}
    onResponderTerminationRequest={[Function]}
    onStartShouldSetResponder={[Function]}
    style={
      Object {
        "backgroundColor": "rgb(0, 122, 201)",
        "borderColor": "rgb(239, 242, 244)",
        "borderRadius": 10,
        "borderWidth": 1,
        "marginTop": 10,
        "opacity": 1,
        "padding": 10,
        "width": "90%",
      }
    }
    testID={undefined}
    tvParallaxProperties={undefined}
  >
    <Text
      accessible={true}
      allowFontScaling={true}
      ellipsizeMode="tail"
      style={
        Object {
          "color": "white",
          "textAlign": "center",
        }
      }
    >
      Vuorokausilippu
    </Text>
  </View>
  <View
    accessibilityComponentType={undefined}
    accessibilityLabel={undefined}
    accessibilityTraits={undefined}
    accessible={true}
    hitSlop={undefined}
    isTVSelectable={true}
    onLayout={undefined}
    onResponderGrant={[Function]}
    onResponderMove={[Function]}
    onResponderRelease={[Function]}
    onResponderTerminate={[Function]}
    onResponderTerminationRequest={[Function]}
    onStartShouldSetResponder={[Function]}
    style={
      Object {
        "backgroundColor": "rgb(0, 122, 201)",
        "borderColor": "rgb(239, 242, 244)",
        "borderRadius": 10,
        "borderWidth": 1,
        "marginTop": 10,
        "opacity": 1,
        "padding": 10,
        "width": "90%",
      }
    }
    testID={undefined}
    tvParallaxProperties={undefined}
  >
    <Text
      accessible={true}
      allowFontScaling={true}
      ellipsizeMode="tail"
      style={
        Object {
          "color": "white",
          "textAlign": "center",
        }
      }
    >
      Kausilippu
    </Text>
  </View>
</View>
`;
