// Jest Snapshot v1, https://goo.gl/fbAQLP

exports[`renders correctly 1`] = `
<View
  style={
    Array [
      Object {
        "alignItems": "center",
        "backgroundColor": "rgb(0, 122, 201)",
        "borderBottomWidth": 1,
        "borderColor": "rgb(0, 122, 201)",
        "flex": 1,
        "height": 1254,
        "justifyContent": "center",
        "marginBottom": 50,
      },
    ]
  }
>
  <ActivityIndicator
    animating={true}
    color="#999999"
    hidesWhenStopped={true}
    size="large"
    style={
      Array [
        Object {
          "alignItems": "center",
          "justifyContent": "center",
          "padding": 8,
        },
        Object {
          "height": 80,
          "position": "absolute",
          "zIndex": 2,
        },
      ]
    }
  />
  <View
    style={
      Object {
        "flex": 1,
      }
    }
  >
    <RCTWebView
      allowsInlineMediaPlayback={undefined}
      automaticallyAdjustContentInsets={undefined}
      bounces={undefined}
      contentInset={undefined}
      dataDetectorTypes={undefined}
      decelerationRate={undefined}
      injectedJavaScript={undefined}
      mediaPlaybackRequiresUserAction={undefined}
      messagingEnabled={false}
      onLoadingError={[Function]}
      onLoadingFinish={[Function]}
      onLoadingStart={[Function]}
      onMessage={[Function]}
      onShouldStartLoadWithRequest={undefined}
      scalesPageToFit={true}
      scrollEnabled={undefined}
      source={
        Object {
          "uri": "https://www.hsl.fi/ajankohtaista?qt-archives=2#qt-archives",
        }
      }
      style={
        Array [
          Object {
            "flex": 1,
          },
          Object {
            "backgroundColor": "#ffffff",
          },
          Object {
            "marginTop": 63,
            "width": "100%",
          },
        ]
      }
    />
  </View>
</View>
`;
