// Jest Snapshot v1, https://goo.gl/fbAQLP

exports[`renders correctly 1`] = `
<Modal
  animationType="slide"
  hardwareAccelerated={false}
  onRequestClose={[Function]}
  transparent={false}
  visible={true}
>
  <View
    style={
      Array [
        Object {
          "alignItems": "center",
          "backgroundColor": "white",
          "flex": 1,
          "justifyContent": "center",
          "paddingTop": 30,
        },
      ]
    }
  >
    <View
      accessibilityComponentType={undefined}
      accessibilityLabel={undefined}
      accessibilityTraits={undefined}
      accessible={true}
      hitSlop={undefined}
      isTVSelectable={true}
      onLayout={undefined}
      onResponderGrant={[Function]}
      onResponderMove={[Function]}
      onResponderRelease={[Function]}
      onResponderTerminate={[Function]}
      onResponderTerminationRequest={[Function]}
      onStartShouldSetResponder={[Function]}
      style={
        Object {
          "backgroundColor": "rgb(0, 122, 201)",
          "borderColor": "rgb(239, 242, 244)",
          "borderRadius": 10,
          "borderWidth": 1,
          "marginBottom": 10,
          "marginTop": 10,
          "opacity": 1,
          "padding": 10,
          "width": "50%",
        }
      }
      testID={undefined}
      tvParallaxProperties={undefined}
    >
      <Text
        accessible={true}
        allowFontScaling={true}
        ellipsizeMode="tail"
        style={
          Object {
            "color": "white",
            "textAlign": "center",
          }
        }
      >
        Sulje
      </Text>
    </View>
    <Text
      accessible={true}
      allowFontScaling={true}
      ellipsizeMode="tail"
      style={
        Array [
          Object {
            "color": "black",
            "textAlign": "center",
          },
          Object {
            "color": "rgb(0, 122, 201)",
            "fontSize": 22,
            "paddingLeft": 5,
            "paddingRight": 5,
            "width": "95%",
          },
        ]
      }
    />
    <View
      style={
        Object {
          "flex": 1,
        }
      }
    >
      <RCTWebView
        allowsInlineMediaPlayback={undefined}
        automaticallyAdjustContentInsets={undefined}
        bounces={undefined}
        contentInset={undefined}
        dataDetectorTypes={undefined}
        decelerationRate={undefined}
        injectedJavaScript={undefined}
        mediaPlaybackRequiresUserAction={undefined}
        messagingEnabled={false}
        onLoadingError={[Function]}
        onLoadingFinish={[Function]}
        onLoadingStart={[Function]}
        onMessage={[Function]}
        onShouldStartLoadWithRequest={undefined}
        scalesPageToFit={undefined}
        scrollEnabled={undefined}
        source={
          Object {
            "html": "",
          }
        }
        style={
          Array [
            Object {
              "flex": 1,
            },
            Object {
              "backgroundColor": "#ffffff",
            },
            Object {
              "marginTop": 10,
              "width": "100%",
            },
          ]
        }
      />
    </View>
  </View>
</Modal>
`;
