// Jest Snapshot v1, https://goo.gl/fbAQLP

exports[`renders correctly 1`] = `
<View
  style={
    Array [
      Object {
        "backgroundColor": "rgb(0, 122, 201)",
        "borderBottomWidth": 1,
        "borderColor": "rgb(0, 122, 201)",
        "flex": 1,
        "justifyContent": "center",
        "marginBottom": 50,
      },
      Object {
        "height": 2254,
      },
    ]
  }
>
  <ActivityIndicator
    animating={true}
    color="#999999"
    hidesWhenStopped={true}
    size="large"
    style={
      Array [
        Object {
          "alignItems": "center",
          "justifyContent": "center",
          "padding": 8,
        },
        Object {
          "height": 80,
          "left": 335,
          "position": "absolute",
          "width": 80,
          "zIndex": 2,
        },
        null,
      ]
    }
  />
  <View
    style={
      Object {
        "flex": 1,
      }
    }
  >
    <RCTWebView
      allowsInlineMediaPlayback={undefined}
      automaticallyAdjustContentInsets={undefined}
      bounces={undefined}
      contentInset={undefined}
      dataDetectorTypes={undefined}
      decelerationRate={undefined}
      injectedJavaScript="
                // Workaround to https://github.com/facebook/react-native/issues/10865
                var originalPostMessage = window.postMessage;
                var patchedPostMessage = function(message, targetOrigin, transfer) {
                    originalPostMessage(message, targetOrigin, transfer);
                };
                patchedPostMessage.toString = function() {
                    return String(Object.hasOwnProperty).replace('hasOwnProperty', 'postMessage');
                };
                window.postMessage = patchedPostMessage;
                // window.postMessage(document.cookie);
                // One way to try to send page height back to the app (not working with Android...)
                // https://github.com/scazzy/react-native-webview-autoheight/blob/master/index.js
                // (function(){
                //     let height = 0;
                //     if(document.documentElement.clientHeight>document.body.clientHeight) {
                //         height = document.documentElement.clientHeight;
                //     } else {
                //         height = document.body.clientHeight;
                //     }
                //     postMessage('height;' + height);
                // })();
            "
      mediaPlaybackRequiresUserAction={undefined}
      messagingEnabled={true}
      onLoadingError={[Function]}
      onLoadingFinish={[Function]}
      onLoadingStart={[Function]}
      onMessage={[Function]}
      onShouldStartLoadWithRequest={undefined}
      scalesPageToFit={undefined}
      scrollEnabled={false}
      source={
        Object {
          "uri": "https://www.hsl.fi/liput-ja-hinnat?content-only",
        }
      }
      style={
        Array [
          Object {
            "flex": 1,
          },
          Object {
            "backgroundColor": "#ffffff",
          },
          Array [
            Object {
              "marginTop": 63,
            },
            Object {
              "marginTop": 0,
            },
          ],
        ]
      }
    />
  </View>
</View>
`;
